Archive member included to satisfy reference by file (symbol)

e:/apps/stm32cubeide_1.10.0/stm32cubeide/plugins/com.st.stm32cube.ide.mcu.externaltools.gnu-tools-for-stm32.10.3-2021.10.win32_1.0.0.202111181127/tools/bin/../lib/gcc/arm-none-eabi/10.3.1/../../../../arm-none-eabi/lib/thumb/v7-m/nofp\libc_nano.a(lib_a-errno.o)
                              ./Src/syscalls.o (__errno)
e:/apps/stm32cubeide_1.10.0/stm32cubeide/plugins/com.st.stm32cube.ide.mcu.externaltools.gnu-tools-for-stm32.10.3-2021.10.win32_1.0.0.202111181127/tools/bin/../lib/gcc/arm-none-eabi/10.3.1/../../../../arm-none-eabi/lib/thumb/v7-m/nofp\libc_nano.a(lib_a-exit.o)
                              e:/apps/stm32cubeide_1.10.0/stm32cubeide/plugins/com.st.stm32cube.ide.mcu.externaltools.gnu-tools-for-stm32.10.3-2021.10.win32_1.0.0.202111181127/tools/bin/../lib/gcc/arm-none-eabi/10.3.1/../../../../arm-none-eabi/lib/thumb/v7-m/nofp/crt0.o (exit)
e:/apps/stm32cubeide_1.10.0/stm32cubeide/plugins/com.st.stm32cube.ide.mcu.externaltools.gnu-tools-for-stm32.10.3-2021.10.win32_1.0.0.202111181127/tools/bin/../lib/gcc/arm-none-eabi/10.3.1/../../../../arm-none-eabi/lib/thumb/v7-m/nofp\libc_nano.a(lib_a-impure.o)
                              e:/apps/stm32cubeide_1.10.0/stm32cubeide/plugins/com.st.stm32cube.ide.mcu.externaltools.gnu-tools-for-stm32.10.3-2021.10.win32_1.0.0.202111181127/tools/bin/../lib/gcc/arm-none-eabi/10.3.1/../../../../arm-none-eabi/lib/thumb/v7-m/nofp\libc_nano.a(lib_a-exit.o) (_global_impure_ptr)
e:/apps/stm32cubeide_1.10.0/stm32cubeide/plugins/com.st.stm32cube.ide.mcu.externaltools.gnu-tools-for-stm32.10.3-2021.10.win32_1.0.0.202111181127/tools/bin/../lib/gcc/arm-none-eabi/10.3.1/../../../../arm-none-eabi/lib/thumb/v7-m/nofp\libc_nano.a(lib_a-init.o)
                              e:/apps/stm32cubeide_1.10.0/stm32cubeide/plugins/com.st.stm32cube.ide.mcu.externaltools.gnu-tools-for-stm32.10.3-2021.10.win32_1.0.0.202111181127/tools/bin/../lib/gcc/arm-none-eabi/10.3.1/../../../../arm-none-eabi/lib/thumb/v7-m/nofp/crt0.o (__libc_init_array)
e:/apps/stm32cubeide_1.10.0/stm32cubeide/plugins/com.st.stm32cube.ide.mcu.externaltools.gnu-tools-for-stm32.10.3-2021.10.win32_1.0.0.202111181127/tools/bin/../lib/gcc/arm-none-eabi/10.3.1/../../../../arm-none-eabi/lib/thumb/v7-m/nofp\libc_nano.a(lib_a-memset.o)
                              e:/apps/stm32cubeide_1.10.0/stm32cubeide/plugins/com.st.stm32cube.ide.mcu.externaltools.gnu-tools-for-stm32.10.3-2021.10.win32_1.0.0.202111181127/tools/bin/../lib/gcc/arm-none-eabi/10.3.1/../../../../arm-none-eabi/lib/thumb/v7-m/nofp/crt0.o (memset)
e:/apps/stm32cubeide_1.10.0/stm32cubeide/plugins/com.st.stm32cube.ide.mcu.externaltools.gnu-tools-for-stm32.10.3-2021.10.win32_1.0.0.202111181127/tools/bin/../lib/gcc/arm-none-eabi/10.3.1/thumb/v7-m/nofp\libgcc.a(_arm_muldf3.o)
                              ./HAL/LCD/LCD.o (__aeabi_dmul)
e:/apps/stm32cubeide_1.10.0/stm32cubeide/plugins/com.st.stm32cube.ide.mcu.externaltools.gnu-tools-for-stm32.10.3-2021.10.win32_1.0.0.202111181127/tools/bin/../lib/gcc/arm-none-eabi/10.3.1/thumb/v7-m/nofp\libgcc.a(_arm_addsubdf3.o)
                              ./HAL/LCD/LCD.o (__aeabi_dsub)
e:/apps/stm32cubeide_1.10.0/stm32cubeide/plugins/com.st.stm32cube.ide.mcu.externaltools.gnu-tools-for-stm32.10.3-2021.10.win32_1.0.0.202111181127/tools/bin/../lib/gcc/arm-none-eabi/10.3.1/thumb/v7-m/nofp\libgcc.a(_arm_cmpdf2.o)
                              ./HAL/LCD/LCD.o (__aeabi_dcmpeq)
e:/apps/stm32cubeide_1.10.0/stm32cubeide/plugins/com.st.stm32cube.ide.mcu.externaltools.gnu-tools-for-stm32.10.3-2021.10.win32_1.0.0.202111181127/tools/bin/../lib/gcc/arm-none-eabi/10.3.1/thumb/v7-m/nofp\libgcc.a(_arm_fixdfsi.o)
                              ./HAL/LCD/LCD.o (__aeabi_d2iz)

Discarded input sections

 .text          0x0000000000000000        0x0 e:/apps/stm32cubeide_1.10.0/stm32cubeide/plugins/com.st.stm32cube.ide.mcu.externaltools.gnu-tools-for-stm32.10.3-2021.10.win32_1.0.0.202111181127/tools/bin/../lib/gcc/arm-none-eabi/10.3.1/thumb/v7-m/nofp/crti.o
 .data          0x0000000000000000        0x0 e:/apps/stm32cubeide_1.10.0/stm32cubeide/plugins/com.st.stm32cube.ide.mcu.externaltools.gnu-tools-for-stm32.10.3-2021.10.win32_1.0.0.202111181127/tools/bin/../lib/gcc/arm-none-eabi/10.3.1/thumb/v7-m/nofp/crti.o
 .bss           0x0000000000000000        0x0 e:/apps/stm32cubeide_1.10.0/stm32cubeide/plugins/com.st.stm32cube.ide.mcu.externaltools.gnu-tools-for-stm32.10.3-2021.10.win32_1.0.0.202111181127/tools/bin/../lib/gcc/arm-none-eabi/10.3.1/thumb/v7-m/nofp/crti.o
 .data          0x0000000000000000        0x4 e:/apps/stm32cubeide_1.10.0/stm32cubeide/plugins/com.st.stm32cube.ide.mcu.externaltools.gnu-tools-for-stm32.10.3-2021.10.win32_1.0.0.202111181127/tools/bin/../lib/gcc/arm-none-eabi/10.3.1/thumb/v7-m/nofp/crtbegin.o
[...]
Memory Configuration

Name             Origin             Length             Attributes
RAM              0x0000000020000000 0x0000000000005000 xrw
FLASH            0x0000000008000000 0x0000000000010000 xr
*default*        0x0000000000000000 0xffffffffffffffff

Linker script and memory map

LOAD e:/apps/stm32cubeide_1.10.0/stm32cubeide/plugins/com.st.stm32cube.ide.mcu.externaltools.gnu-tools-for-stm32.10.3-2021.10.win32_1.0.0.202111181127/tools/bin/../lib/gcc/arm-none-eabi/10.3.1/thumb/v7-m/nofp/crti.o
LOAD e:/apps/stm32cubeide_1.10.0/stm32cubeide/plugins/com.st.stm32cube.ide.mcu.externaltools.gnu-tools-for-stm32.10.3-2021.10.win32_1.0.0.202111181127/tools/bin/../lib/gcc/arm-none-eabi/10.3.1/thumb/v7-m/nofp/crtbegin.o
LOAD e:/apps/stm32cubeide_1.10.0/stm32cubeide/plugins/com.st.stm32cube.ide.mcu.externaltools.gnu-tools-for-stm32.10.3-2021.10.win32_1.0.0.202111181127/tools/bin/../lib/gcc/arm-none-eabi/10.3.1/../../../../arm-none-eabi/lib/thumb/v7-m/nofp/crt0.o
LOAD ./HAL/Keypad/Keypad.o
LOAD ./HAL/LCD/LCD.o
LOAD ./STM32F103_MCAL/EXTI/EXTI.o
LOAD ./STM32F103_MCAL/GPIO/gpio.o
LOAD ./STM32F103_MCAL/RCC/RCC.o
LOAD ./STM32F103_MCAL/SPI/SPI.o
LOAD ./STM32F103_MCAL/UART/UART.o
LOAD ./Src/main.o
LOAD ./Src/syscalls.o
LOAD ./Src/sysmem.o
LOAD ./Startup/startup_stm32f103c8tx.o
START GROUP
LOAD e:/apps/stm32cubeide_1.10.0/stm32cubeide/plugins/com.st.stm32cube.ide.mcu.externaltools.gnu-tools-for-stm32.10.3-2021.10.win32_1.0.0.202111181127/tools/bin/../lib/gcc/arm-none-eabi/10.3.1/../../../../arm-none-eabi/lib/thumb/v7-m/nofp\libc_nano.a
LOAD e:/apps/stm32cubeide_1.10.0/stm32cubeide/plugins/com.st.stm32cube.ide.mcu.externaltools.gnu-tools-for-stm32.10.3-2021.10.win32_1.0.0.202111181127/tools/bin/../lib/gcc/arm-none-eabi/10.3.1/../../../../arm-none-eabi/lib/thumb/v7-m/nofp\libm.a
END GROUP
START GROUP
LOAD e:/apps/stm32cubeide_1.10.0/stm32cubeide/plugins/com.st.stm32cube.ide.mcu.externaltools.gnu-tools-for-stm32.10.3-2021.10.win32_1.0.0.202111181127/tools/bin/../lib/gcc/arm-none-eabi/10.3.1/thumb/v7-m/nofp\libgcc.a
LOAD e:/apps/stm32cubeide_1.10.0/stm32cubeide/plugins/com.st.stm32cube.ide.mcu.externaltools.gnu-tools-for-stm32.10.3-2021.10.win32_1.0.0.202111181127/tools/bin/../lib/gcc/arm-none-eabi/10.3.1/../../../../arm-none-eabi/lib/thumb/v7-m/nofp\libc_nano.a
END GROUP
START GROUP
LOAD e:/apps/stm32cubeide_1.10.0/stm32cubeide/plugins/com.st.stm32cube.ide.mcu.externaltools.gnu-tools-for-stm32.10.3-2021.10.win32_1.0.0.202111181127/tools/bin/../lib/gcc/arm-none-eabi/10.3.1/thumb/v7-m/nofp\libgcc.a
LOAD e:/apps/stm32cubeide_1.10.0/stm32cubeide/plugins/com.st.stm32cube.ide.mcu.externaltools.gnu-tools-for-stm32.10.3-2021.10.win32_1.0.0.202111181127/tools/bin/../lib/gcc/arm-none-eabi/10.3.1/../../../../arm-none-eabi/lib/thumb/v7-m/nofp\libc_nano.a
LOAD e:/apps/stm32cubeide_1.10.0/stm32cubeide/plugins/com.st.stm32cube.ide.mcu.externaltools.gnu-tools-for-stm32.10.3-2021.10.win32_1.0.0.202111181127/tools/bin/../lib/gcc/arm-none-eabi/10.3.1/../../../../arm-none-eabi/lib/thumb/v7-m/nofp\libnosys.a
END GROUP
START GROUP
LOAD e:/apps/stm32cubeide_1.10.0/stm32cubeide/plugins/com.st.stm32cube.ide.mcu.externaltools.gnu-tools-for-stm32.10.3-2021.10.win32_1.0.0.202111181127/tools/bin/../lib/gcc/arm-none-eabi/10.3.1/thumb/v7-m/nofp\libgcc.a
LOAD e:/apps/stm32cubeide_1.10.0/stm32cubeide/plugins/com.st.stm32cube.ide.mcu.externaltools.gnu-tools-for-stm32.10.3-2021.10.win32_1.0.0.202111181127/tools/bin/../lib/gcc/arm-none-eabi/10.3.1/../../../../arm-none-eabi/lib/thumb/v7-m/nofp\libc_nano.a
LOAD e:/apps/stm32cubeide_1.10.0/stm32cubeide/plugins/com.st.stm32cube.ide.mcu.externaltools.gnu-tools-for-stm32.10.3-2021.10.win32_1.0.0.202111181127/tools/bin/../lib/gcc/arm-none-eabi/10.3.1/../../../../arm-none-eabi/lib/thumb/v7-m/nofp\libnosys.a
END GROUP
LOAD e:/apps/stm32cubeide_1.10.0/stm32cubeide/plugins/com.st.stm32cube.ide.mcu.externaltools.gnu-tools-for-stm32.10.3-2021.10.win32_1.0.0.202111181127/tools/bin/../lib/gcc/arm-none-eabi/10.3.1/thumb/v7-m/nofp/crtend.o
LOAD e:/apps/stm32cubeide_1.10.0/stm32cubeide/plugins/com.st.stm32cube.ide.mcu.externaltools.gnu-tools-for-stm32.10.3-2021.10.win32_1.0.0.202111181127/tools/bin/../lib/gcc/arm-none-eabi/10.3.1/thumb/v7-m/nofp/crtn.o
                0x0000000020005000                _estack = (ORIGIN (RAM) + LENGTH (RAM))
                0x0000000000000200                _Min_Heap_Size = 0x200
                0x0000000000000400                _Min_Stack_Size = 0x400

.isr_vector     0x0000000008000000      0x130
                0x0000000008000000                . = ALIGN (0x4)
 *(.isr_vector)
 .isr_vector    0x0000000008000000      0x130 ./Startup/startup_stm32f103c8tx.o
                0x0000000008000000                g_pfnVectors
                0x0000000008000130                . = ALIGN (0x4)

.text           0x0000000008000130     0x13c0
                0x0000000008000130                . = ALIGN (0x4)
 *(.text)
 .text          0x0000000008000130       0x40 e:/apps/stm32cubeide_1.10.0/stm32cubeide/plugins/com.st.stm32cube.ide.mcu.externaltools.gnu-tools-for-stm32.10.3-2021.10.win32_1.0.0.202111181127/tools/bin/../lib/gcc/arm-none-eabi/10.3.1/thumb/v7-m/nofp/crtbegin.o
 *(.text*)
 .text.LCD_Init
                0x0000000008000170       0xe4 ./HAL/LCD/LCD.o
                0x0000000008000170                LCD_Init
 .text.LCD_Write_Command
                0x0000000008000254      0x1ac ./HAL/LCD/LCD.o
                0x0000000008000254                LCD_Write_Command
 .text.LCD_Write_Char
                0x0000000008000400      0x1ac ./HAL/LCD/LCD.o
                0x0000000008000400                LCD_Write_Char
 .text.EXTI0_IRQHandler
                0x00000000080005ac       0x24 ./STM32F103_MCAL/EXTI/EXTI.o
                0x00000000080005ac                EXTI0_IRQHandler
 .text.EXTI1_IRQHandler
                0x00000000080005d0       0x24 ./STM32F103_MCAL/EXTI/EXTI.o
                0x00000000080005d0                EXTI1_IRQHandler
 .text.EXTI2_IRQHandler
                0x00000000080005f4       0x24 ./STM32F103_MCAL/EXTI/EXTI.o
                0x00000000080005f4                EXTI2_IRQHandler
 .text.EXTI3_IRQHandler
                0x0000000008000618       0x24 ./STM32F103_MCAL/EXTI/EXTI.o
                0x0000000008000618                EXTI3_IRQHandler
 .text.EXTI4_IRQHandler
                0x000000000800063c       0x24 ./STM32F103_MCAL/EXTI/EXTI.o
                0x000000000800063c                EXTI4_IRQHandler
 .text.EXTI9_5_IRQHandler
                0x0000000008000660       0xb0 ./STM32F103_MCAL/EXTI/EXTI.o
                0x0000000008000660                EXTI9_5_IRQHandler
 .text.EXTI15_10_IRQHandler
                0x0000000008000710       0xd0 ./STM32F103_MCAL/EXTI/EXTI.o
                0x0000000008000710                EXTI15_10_IRQHandler
 .text.MCAL_GPIO_Init
                0x00000000080007e0      0x150 ./STM32F103_MCAL/GPIO/gpio.o
                0x00000000080007e0                MCAL_GPIO_Init
 .text.MCAL_GPIO_WritePin
                0x0000000008000930       0x48 ./STM32F103_MCAL/GPIO/gpio.o
                0x0000000008000930                MCAL_GPIO_WritePin
 .text.delay_ms
                0x0000000008000978       0x32 ./STM32F103_MCAL/GPIO/gpio.o
                0x0000000008000978                delay_ms
 *fill*         0x00000000080009aa        0x2 
 .text.RCC_GetSysCLK
                0x00000000080009ac       0x1c ./STM32F103_MCAL/RCC/RCC.o
                0x00000000080009ac                RCC_GetSysCLK
 .text.RCC_GetHCLKFreq
                0x00000000080009c8       0x34 ./STM32F103_MCAL/RCC/RCC.o
                0x00000000080009c8                RCC_GetHCLKFreq
 .text.RCC_GetPCLK1Freq
                0x00000000080009fc       0x34 ./STM32F103_MCAL/RCC/RCC.o
                0x00000000080009fc                RCC_GetPCLK1Freq
 .text.RCC_GetPCLK2Freq
                0x0000000008000a30       0x34 ./STM32F103_MCAL/RCC/RCC.o
                0x0000000008000a30                RCC_GetPCLK2Freq
 .text.SPIx_Init
                0x0000000008000a64      0x364 ./STM32F103_MCAL/SPI/SPI.o
                0x0000000008000a64                SPIx_Init
 .text.SPIx_Send_Receive
                0x0000000008000dc8       0x74 ./STM32F103_MCAL/SPI/SPI.o
                0x0000000008000dc8                SPIx_Send_Receive
 .text.SPI1_IRQHandler
                0x0000000008000e3c       0x58 ./STM32F103_MCAL/SPI/SPI.o
                0x0000000008000e3c                SPI1_IRQHandler
 .text.SPI2_IRQHandler
                0x0000000008000e94       0x58 ./STM32F103_MCAL/SPI/SPI.o
                0x0000000008000e94                SPI2_IRQHandler
 .text.USARTx_Init
                0x0000000008000eec      0x390 ./STM32F103_MCAL/UART/UART.o
                0x0000000008000eec                USARTx_Init
 .text.USARTx_Read
                0x000000000800127c       0x28 ./STM32F103_MCAL/UART/UART.o
                0x000000000800127c                USARTx_Read
 .text.USARTx_Write
                0x00000000080012a4       0x3e ./STM32F103_MCAL/UART/UART.o
                0x00000000080012a4                USARTx_Write
 *fill*         0x00000000080012e2        0x2 
 .text.USART1_IRQHandler
                0x00000000080012e4       0x14 ./STM32F103_MCAL/UART/UART.o
                0x00000000080012e4                USART1_IRQHandler
 .text.USART2_IRQHandler
                0x00000000080012f8       0x14 ./STM32F103_MCAL/UART/UART.o
                0x00000000080012f8                USART2_IRQHandler
 .text.USART3_IRQHandler
                0x000000000800130c       0x14 ./STM32F103_MCAL/UART/UART.o
                0x000000000800130c                USART3_IRQHandler
 .text.main     0x0000000008001320       0xfc ./Src/main.o
                0x0000000008001320                main
 .text.UART_ISR
                0x000000000800141c       0x20 ./Src/main.o
                0x000000000800141c                UART_ISR
 .text.Reset_Handler
                0x000000000800143c       0x50 ./Startup/startup_stm32f103c8tx.o
                0x000000000800143c                Reset_Handler
 .text.Default_Handler
                0x000000000800148c        0x2 ./Startup/startup_stm32f103c8tx.o
                0x000000000800148c                TIM8_TRG_COM_IRQHandler
                0x000000000800148c                TIM8_CC_IRQHandler
                0x000000000800148c                DebugMon_Handler
                0x000000000800148c                TIM1_CC_IRQHandler
                0x000000000800148c                HardFault_Handler
                0x000000000800148c                TIM6_IRQHandler
                0x000000000800148c                SysTick_Handler
                0x000000000800148c                PVD_IRQHandler
                0x000000000800148c                SDIO_IRQHandler
                0x000000000800148c                PendSV_Handler
                0x000000000800148c                NMI_Handler
                0x000000000800148c                USB_HP_CAN_TX_IRQHandler
                0x000000000800148c                I2C2_EV_IRQHandler
                0x000000000800148c                UsageFault_Handler
                0x000000000800148c                ADC1_2_IRQHandler
                0x000000000800148c                CAN_SCE_IRQHandler
                0x000000000800148c                TAMPER_IRQHandler
                0x000000000800148c                TIM8_UP_IRQHandler
                0x000000000800148c                DMA2_Channel2_IRQHandler
                0x000000000800148c                DMA1_Channel4_IRQHandler
                0x000000000800148c                RTC_IRQHandler
                0x000000000800148c                DMA1_Channel7_IRQHandler
                0x000000000800148c                UART5_IRQHandler
                0x000000000800148c                ADC3_IRQHandler
                0x000000000800148c                TIM4_IRQHandler
                0x000000000800148c                CAN_RX1_IRQHandler
                0x000000000800148c                DMA2_Channel1_IRQHandler
                0x000000000800148c                I2C1_EV_IRQHandler
                0x000000000800148c                DMA1_Channel6_IRQHandler
                0x000000000800148c                UART4_IRQHandler
                0x000000000800148c                TIM3_IRQHandler
                0x000000000800148c                RCC_IRQHandler
                0x000000000800148c                TIM1_TRG_COM_IRQHandler
                0x000000000800148c                DMA1_Channel1_IRQHandler
                0x000000000800148c                Default_Handler
                0x000000000800148c                TIM7_IRQHandler
                0x000000000800148c                TIM5_IRQHandler
                0x000000000800148c                USB_LP_CAN_RX0_IRQHandler
                0x000000000800148c                MemManage_Handler
                0x000000000800148c                SVC_Handler
                0x000000000800148c                DMA1_Channel5_IRQHandler
                0x000000000800148c                DMA1_Channel3_IRQHandler
                0x000000000800148c                FSMC_IRQHandler
                0x000000000800148c                TIM1_UP_IRQHandler
                0x000000000800148c                WWDG_IRQHandler
                0x000000000800148c                TIM2_IRQHandler
                0x000000000800148c                TIM1_BRK_IRQHandler
                0x000000000800148c                RTCAlarm_IRQHandler
                0x000000000800148c                DMA2_Channel4_5_IRQHandler
                0x000000000800148c                I2C2_ER_IRQHandler
                0x000000000800148c                DMA1_Channel2_IRQHandler
                0x000000000800148c                TIM8_BRK_IRQHandler
                0x000000000800148c                FLASH_IRQHandler
                0x000000000800148c                BusFault_Handler
                0x000000000800148c                SPI3_IRQHandler
                0x000000000800148c                I2C1_ER_IRQHandler
                0x000000000800148c                DMA2_Channel3_IRQHandler
 *fill*         0x000000000800148e        0x2 
 .text.__libc_init_array
                0x0000000008001490       0x48 e:/apps/stm32cubeide_1.10.0/stm32cubeide/plugins/com.st.stm32cube.ide.mcu.externaltools.gnu-tools-for-stm32.10.3-2021.10.win32_1.0.0.202111181127/tools/bin/../lib/gcc/arm-none-eabi/10.3.1/../../../../arm-none-eabi/lib/thumb/v7-m/nofp\libc_nano.a(lib_a-init.o)
                0x0000000008001490                __libc_init_array
 *(.glue_7)
 .glue_7        0x00000000080014d8        0x0 linker stubs
 *(.glue_7t)
 .glue_7t       0x00000000080014d8        0x0 linker stubs
 *(.eh_frame)
 .eh_frame      0x00000000080014d8        0x0 e:/apps/stm32cubeide_1.10.0/stm32cubeide/plugins/com.st.stm32cube.ide.mcu.externaltools.gnu-tools-for-stm32.10.3-2021.10.win32_1.0.0.202111181127/tools/bin/../lib/gcc/arm-none-eabi/10.3.1/thumb/v7-m/nofp/crtbegin.o
 *(.init)
 .init          0x00000000080014d8        0x4 e:/apps/stm32cubeide_1.10.0/stm32cubeide/plugins/com.st.stm32cube.ide.mcu.externaltools.gnu-tools-for-stm32.10.3-2021.10.win32_1.0.0.202111181127/tools/bin/../lib/gcc/arm-none-eabi/10.3.1/thumb/v7-m/nofp/crti.o
                0x00000000080014d8                _init
 .init          0x00000000080014dc        0x8 e:/apps/stm32cubeide_1.10.0/stm32cubeide/plugins/com.st.stm32cube.ide.mcu.externaltools.gnu-tools-for-stm32.10.3-2021.10.win32_1.0.0.202111181127/tools/bin/../lib/gcc/arm-none-eabi/10.3.1/thumb/v7-m/nofp/crtn.o
 *(.fini)
 .fini          0x00000000080014e4        0x4 e:/apps/stm32cubeide_1.10.0/stm32cubeide/plugins/com.st.stm32cube.ide.mcu.externaltools.gnu-tools-for-stm32.10.3-2021.10.win32_1.0.0.202111181127/tools/bin/../lib/gcc/arm-none-eabi/10.3.1/thumb/v7-m/nofp/crti.o
                0x00000000080014e4                _fini
 .fini          0x00000000080014e8        0x8 e:/apps/stm32cubeide_1.10.0/stm32cubeide/plugins/com.st.stm32cube.ide.mcu.externaltools.gnu-tools-for-stm32.10.3-2021.10.win32_1.0.0.202111181127/tools/bin/../lib/gcc/arm-none-eabi/10.3.1/thumb/v7-m/nofp/crtn.o
                0x00000000080014f0                . = ALIGN (0x4)
                0x00000000080014f0                _etext = .

.vfp11_veneer   0x00000000080014f0        0x0
 .vfp11_veneer  0x00000000080014f0        0x0 linker stubs

.v4_bx          0x00000000080014f0        0x0
 .v4_bx         0x00000000080014f0        0x0 linker stubs

.iplt           0x00000000080014f0        0x0
 .iplt          0x00000000080014f0        0x0 e:/apps/stm32cubeide_1.10.0/stm32cubeide/plugins/com.st.stm32cube.ide.mcu.externaltools.gnu-tools-for-stm32.10.3-2021.10.win32_1.0.0.202111181127/tools/bin/../lib/gcc/arm-none-eabi/10.3.1/thumb/v7-m/nofp/crtbegin.o

.rodata         0x00000000080014f0       0x2c
                0x00000000080014f0                . = ALIGN (0x4)
 *(.rodata)
 .rodata        0x00000000080014f0       0x18 ./HAL/LCD/LCD.o
 .rodata        0x0000000008001508       0x14 ./Src/main.o
 *(.rodata*)
                0x000000000800151c                . = ALIGN (0x4)

.rel.dyn        0x000000000800151c        0x0
 .rel.iplt      0x000000000800151c        0x0 e:/apps/stm32cubeide_1.10.0/stm32cubeide/plugins/com.st.stm32cube.ide.mcu.externaltools.gnu-tools-for-stm32.10.3-2021.10.win32_1.0.0.202111181127/tools/bin/../lib/gcc/arm-none-eabi/10.3.1/thumb/v7-m/nofp/crtbegin.o

.ARM.extab      0x000000000800151c        0x0
                0x000000000800151c                . = ALIGN (0x4)
 *(.ARM.extab* .gnu.linkonce.armextab.*)
                0x000000000800151c                . = ALIGN (0x4)

.ARM            0x000000000800151c        0x0
                0x000000000800151c                . = ALIGN (0x4)
                0x000000000800151c                __exidx_start = .
 *(.ARM.exidx*)
                0x000000000800151c                __exidx_end = .
                0x000000000800151c                . = ALIGN (0x4)

.preinit_array  0x000000000800151c        0x0
                0x000000000800151c                . = ALIGN (0x4)
                0x000000000800151c                PROVIDE (__preinit_array_start = .)
 *(.preinit_array*)
                0x000000000800151c                PROVIDE (__preinit_array_end = .)
                0x000000000800151c                . = ALIGN (0x4)

.init_array     0x000000000800151c        0x4
                0x000000000800151c                . = ALIGN (0x4)
                0x000000000800151c                PROVIDE (__init_array_start = .)
 *(SORT_BY_NAME(.init_array.*))
 *(.init_array*)
 .init_array    0x000000000800151c        0x4 e:/apps/stm32cubeide_1.10.0/stm32cubeide/plugins/com.st.stm32cube.ide.mcu.externaltools.gnu-tools-for-stm32.10.3-2021.10.win32_1.0.0.202111181127/tools/bin/../lib/gcc/arm-none-eabi/10.3.1/thumb/v7-m/nofp/crtbegin.o
                0x0000000008001520                PROVIDE (__init_array_end = .)
                0x0000000008001520                . = ALIGN (0x4)

.fini_array     0x0000000008001520        0x4
                0x0000000008001520                . = ALIGN (0x4)
                [!provide]                        PROVIDE (__fini_array_start = .)
 *(SORT_BY_NAME(.fini_array.*))
 *(.fini_array*)
 .fini_array    0x0000000008001520        0x4 e:/apps/stm32cubeide_1.10.0/stm32cubeide/plugins/com.st.stm32cube.ide.mcu.externaltools.gnu-tools-for-stm32.10.3-2021.10.win32_1.0.0.202111181127/tools/bin/../lib/gcc/arm-none-eabi/10.3.1/thumb/v7-m/nofp/crtbegin.o
                [!provide]                        PROVIDE (__fini_array_end = .)
                0x0000000008001524                . = ALIGN (0x4)
                0x0000000008001524                _sidata = LOADADDR (.data)

.data           0x0000000020000000       0x18 load address 0x0000000008001524
                0x0000000020000000                . = ALIGN (0x4)
                0x0000000020000000                _sdata = .
 *(.data)
 *(.data*)
 .data.APB_Prescaler
                0x0000000020000000        0x8 ./STM32F103_MCAL/RCC/RCC.o
                0x0000000020000000                APB_Prescaler
 .data.AHB_Prescaler
                0x0000000020000008       0x10 ./STM32F103_MCAL/RCC/RCC.o
                0x0000000020000008                AHB_Prescaler
 *(.RamFunc)
 *(.RamFunc*)
                0x0000000020000018                . = ALIGN (0x4)
                0x0000000020000018                _edata = .

.igot.plt       0x0000000020000018        0x0 load address 0x000000000800153c
 .igot.plt      0x0000000020000018        0x0 e:/apps/stm32cubeide_1.10.0/stm32cubeide/plugins/com.st.stm32cube.ide.mcu.externaltools.gnu-tools-for-stm32.10.3-2021.10.win32_1.0.0.202111181127/tools/bin/../lib/gcc/arm-none-eabi/10.3.1/thumb/v7-m/nofp/crtbegin.o
                0x0000000020000018                . = ALIGN (0x4)

.bss            0x0000000020000018       0x74 load address 0x000000000800153c
                0x0000000020000018                _sbss = .
                0x0000000020000018                __bss_start__ = _sbss
 *(.bss)
 .bss           0x0000000020000018       0x1c e:/apps/stm32cubeide_1.10.0/stm32cubeide/plugins/com.st.stm32cube.ide.mcu.externaltools.gnu-tools-for-stm32.10.3-2021.10.win32_1.0.0.202111181127/tools/bin/../lib/gcc/arm-none-eabi/10.3.1/thumb/v7-m/nofp/crtbegin.o
 *(.bss*)
 .bss.GP_IRQ_CallBack
                0x0000000020000034       0x3c ./STM32F103_MCAL/EXTI/EXTI.o
                0x0000000020000034                GP_IRQ_CallBack
 .bss.SPIx_IRQ_CallBack
                0x0000000020000070        0x8 ./STM32F103_MCAL/SPI/SPI.o
                0x0000000020000070                SPIx_IRQ_CallBack
 .bss.USARTx_IRQ_CallBack
                0x0000000020000078        0xc ./STM32F103_MCAL/UART/UART.o
                0x0000000020000078                USARTx_IRQ_CallBack
 .bss.PCLK      0x0000000020000084        0x4 ./STM32F103_MCAL/UART/UART.o
                0x0000000020000084                PCLK
 .bss.rd_UART   0x0000000020000088        0x2 ./Src/main.o
                0x0000000020000088                rd_UART
 *(COMMON)
                0x000000002000008c                . = ALIGN (0x4)
 *fill*         0x000000002000008a        0x2 
                0x000000002000008c                _ebss = .
                0x000000002000008c                __bss_end__ = _ebss

._user_heap_stack
                0x000000002000008c      0x604 load address 0x000000000800153c
                0x0000000020000090                . = ALIGN (0x8)
 *fill*         0x000000002000008c        0x4 
                [!provide]                        PROVIDE (end = .)
                0x0000000020000090                PROVIDE (_end = .)
                0x0000000020000290                . = (. + _Min_Heap_Size)
 *fill*         0x0000000020000090      0x200 
                0x0000000020000690                . = (. + _Min_Stack_Size)
 *fill*         0x0000000020000290      0x400 
                0x0000000020000690                . = ALIGN (0x8)

/DISCARD/
 libc.a(*)
 libm.a(*)
 libgcc.a(*)

.ARM.attributes
                0x0000000000000000       0x29
 *(.ARM.attributes)
 .ARM.attributes
                0x0000000000000000       0x1d e:/apps/stm32cubeide_1.10.0/stm32cubeide/plugins/com.st.stm32cube.ide.mcu.externaltools.gnu-tools-for-stm32.10.3-2021.10.win32_1.0.0.202111181127/tools/bin/../lib/gcc/arm-none-eabi/10.3.1/thumb/v7-m/nofp/crti.o
 .ARM.attributes
                0x000000000000001d       0x2d e:/apps/stm32cubeide_1.10.0/stm32cubeide/plugins/com.st.stm32cube.ide.mcu.externaltools.gnu-tools-for-stm32.10.3-2021.10.win32_1.0.0.202111181127/tools/bin/../lib/gcc/arm-none-eabi/10.3.1/thumb/v7-m/nofp/crtbegin.o
 .ARM.attributes
                0x000000000000004a       0x2d ./HAL/LCD/LCD.o
 .ARM.attributes
                0x0000000000000077       0x2d ./STM32F103_MCAL/EXTI/EXTI.o
 .ARM.attributes
                0x00000000000000a4       0x2d ./STM32F103_MCAL/GPIO/gpio.o
 .ARM.attributes
                0x00000000000000d1       0x2d ./STM32F103_MCAL/RCC/RCC.o
 .ARM.attributes
                0x00000000000000fe       0x2d ./STM32F103_MCAL/SPI/SPI.o
 .ARM.attributes
                0x000000000000012b       0x2d ./STM32F103_MCAL/UART/UART.o
 .ARM.attributes
                0x0000000000000158       0x2d ./Src/main.o
 .ARM.attributes
                0x0000000000000185       0x21 ./Startup/startup_stm32f103c8tx.o
 .ARM.attributes
                0x00000000000001a6       0x2d e:/apps/stm32cubeide_1.10.0/stm32cubeide/plugins/com.st.stm32cube.ide.mcu.externaltools.gnu-tools-for-stm32.10.3-2021.10.win32_1.0.0.202111181127/tools/bin/../lib/gcc/arm-none-eabi/10.3.1/../../../../arm-none-eabi/lib/thumb/v7-m/nofp\libc_nano.a(lib_a-init.o)
 .ARM.attributes
                0x00000000000001d3       0x1d e:/apps/stm32cubeide_1.10.0/stm32cubeide/plugins/com.st.stm32cube.ide.mcu.externaltools.gnu-tools-for-stm32.10.3-2021.10.win32_1.0.0.202111181127/tools/bin/../lib/gcc/arm-none-eabi/10.3.1/thumb/v7-m/nofp/crtn.o
OUTPUT(STM32F103xx_SW.elf elf32-littlearm)
LOAD linker stubs
LOAD e:/apps/stm32cubeide_1.10.0/stm32cubeide/plugins/com.st.stm32cube.ide.mcu.externaltools.gnu-tools-for-stm32.10.3-2021.10.win32_1.0.0.202111181127/tools/bin/../lib/gcc/arm-none-eabi/10.3.1/../../../../arm-none-eabi/lib/thumb/v7-m/nofp\libc.a
LOAD e:/apps/stm32cubeide_1.10.0/stm32cubeide/plugins/com.st.stm32cube.ide.mcu.externaltools.gnu-tools-for-stm32.10.3-2021.10.win32_1.0.0.202111181127/tools/bin/../lib/gcc/arm-none-eabi/10.3.1/../../../../arm-none-eabi/lib/thumb/v7-m/nofp\libm.a
LOAD e:/apps/stm32cubeide_1.10.0/stm32cubeide/plugins/com.st.stm32cube.ide.mcu.externaltools.gnu-tools-for-stm32.10.3-2021.10.win32_1.0.0.202111181127/tools/bin/../lib/gcc/arm-none-eabi/10.3.1/thumb/v7-m/nofp\libgcc.a

.debug_info     0x0000000000000000     0x1fcd
 .debug_info    0x0000000000000000      0x470 ./HAL/LCD/LCD.o
 .debug_info    0x0000000000000470      0x512 ./STM32F103_MCAL/EXTI/EXTI.o
 .debug_info    0x0000000000000982      0x449 ./STM32F103_MCAL/GPIO/gpio.o
 .debug_info    0x0000000000000dcb      0x23c ./STM32F103_MCAL/RCC/RCC.o
 .debug_info    0x0000000000001007      0x5d0 ./STM32F103_MCAL/SPI/SPI.o
 .debug_info    0x00000000000015d7      0x540 ./STM32F103_MCAL/UART/UART.o
 .debug_info    0x0000000000001b17      0x494 ./Src/main.o
 .debug_info    0x0000000000001fab       0x22 ./Startup/startup_stm32f103c8tx.o

.debug_abbrev   0x0000000000000000      0x934
 .debug_abbrev  0x0000000000000000      0x139 ./HAL/LCD/LCD.o
 .debug_abbrev  0x0000000000000139      0x17e ./STM32F103_MCAL/EXTI/EXTI.o
 .debug_abbrev  0x00000000000002b7      0x104 ./STM32F103_MCAL/GPIO/gpio.o
 .debug_abbrev  0x00000000000003bb       0xe4 ./STM32F103_MCAL/RCC/RCC.o
 .debug_abbrev  0x000000000000049f      0x17e ./STM32F103_MCAL/SPI/SPI.o
 .debug_abbrev  0x000000000000061d      0x1ac ./STM32F103_MCAL/UART/UART.o
 .debug_abbrev  0x00000000000007c9      0x159 ./Src/main.o
 .debug_abbrev  0x0000000000000922       0x12 ./Startup/startup_stm32f103c8tx.o

.debug_aranges  0x0000000000000000      0x240
 .debug_aranges
                0x0000000000000000       0x48 ./HAL/LCD/LCD.o
 .debug_aranges
                0x0000000000000048       0x70 ./STM32F103_MCAL/EXTI/EXTI.o
 .debug_aranges
                0x00000000000000b8       0x60 ./STM32F103_MCAL/GPIO/gpio.o
 .debug_aranges
                0x0000000000000118       0x38 ./STM32F103_MCAL/RCC/RCC.o
 .debug_aranges
                0x0000000000000150       0x48 ./STM32F103_MCAL/SPI/SPI.o
 .debug_aranges
                0x0000000000000198       0x58 ./STM32F103_MCAL/UART/UART.o
 .debug_aranges
                0x00000000000001f0       0x28 ./Src/main.o
 .debug_aranges
                0x0000000000000218       0x28 ./Startup/startup_stm32f103c8tx.o

.debug_ranges   0x0000000000000000      0x1c8
 .debug_ranges  0x0000000000000000       0x38 ./HAL/LCD/LCD.o
 .debug_ranges  0x0000000000000038       0x60 ./STM32F103_MCAL/EXTI/EXTI.o
 .debug_ranges  0x0000000000000098       0x50 ./STM32F103_MCAL/GPIO/gpio.o
 .debug_ranges  0x00000000000000e8       0x28 ./STM32F103_MCAL/RCC/RCC.o
 .debug_ranges  0x0000000000000110       0x38 ./STM32F103_MCAL/SPI/SPI.o
 .debug_ranges  0x0000000000000148       0x48 ./STM32F103_MCAL/UART/UART.o
 .debug_ranges  0x0000000000000190       0x18 ./Src/main.o
 .debug_ranges  0x00000000000001a8       0x20 ./Startup/startup_stm32f103c8tx.o

.debug_macro    0x0000000000000000     0x198e
 .debug_macro   0x0000000000000000      0x1f4 ./HAL/LCD/LCD.o
 .debug_macro   0x00000000000001f4      0x10e ./HAL/LCD/LCD.o
 .debug_macro   0x0000000000000302       0x8d ./HAL/LCD/LCD.o
 .debug_macro   0x000000000000038f       0x1c ./HAL/LCD/LCD.o
 .debug_macro   0x00000000000003ab      0x255 ./HAL/LCD/LCD.o
 .debug_macro   0x0000000000000600       0x76 ./HAL/LCD/LCD.o
 .debug_macro   0x0000000000000676      0x1fa ./STM32F103_MCAL/EXTI/EXTI.o
 .debug_macro   0x0000000000000870       0xe8 ./STM32F103_MCAL/EXTI/EXTI.o
 .debug_macro   0x0000000000000958      0x166 ./STM32F103_MCAL/EXTI/EXTI.o
 .debug_macro   0x0000000000000abe      0x1f1 ./STM32F103_MCAL/GPIO/gpio.o
 .debug_macro   0x0000000000000caf      0x1eb ./STM32F103_MCAL/RCC/RCC.o
 .debug_macro   0x0000000000000e9a       0x16 ./STM32F103_MCAL/RCC/RCC.o
 .debug_macro   0x0000000000000eb0      0x1fa ./STM32F103_MCAL/SPI/SPI.o
 .debug_macro   0x00000000000010aa       0xb2 ./STM32F103_MCAL/SPI/SPI.o
 .debug_macro   0x000000000000115c      0x209 ./STM32F103_MCAL/UART/UART.o
 .debug_macro   0x0000000000001365       0x52 ./STM32F103_MCAL/UART/UART.o
 .debug_macro   0x00000000000013b7      0x23d ./Src/main.o
 .debug_macro   0x00000000000015f4      0x103 ./Src/main.o
 .debug_macro   0x00000000000016f7      0x1df ./Src/main.o
 .debug_macro   0x00000000000018d6       0xb8 ./Src/main.o

.debug_line     0x0000000000000000     0x3c0a
 .debug_line    0x0000000000000000      0x960 ./HAL/LCD/LCD.o
 .debug_line    0x0000000000000960      0x99a ./STM32F103_MCAL/EXTI/EXTI.o
 .debug_line    0x00000000000012fa      0x814 ./STM32F103_MCAL/GPIO/gpio.o
 .debug_line    0x0000000000001b0e      0x648 ./STM32F103_MCAL/RCC/RCC.o
 .debug_line    0x0000000000002156      0x914 ./STM32F103_MCAL/SPI/SPI.o
 .debug_line    0x0000000000002a6a      0x962 ./STM32F103_MCAL/UART/UART.o
 .debug_line    0x00000000000033cc      0x7ba ./Src/main.o
 .debug_line    0x0000000000003b86       0x84 ./Startup/startup_stm32f103c8tx.o

.debug_str      0x0000000000000000     0xa590
 .debug_str     0x0000000000000000     0x8517 ./HAL/LCD/LCD.o
                                       0x86b1 (size before relaxing)
 .debug_str     0x0000000000008517      0xcf4 ./STM32F103_MCAL/EXTI/EXTI.o
                                       0x8f8b (size before relaxing)
 .debug_str     0x000000000000920b       0xbb ./STM32F103_MCAL/GPIO/gpio.o
                                       0x83a4 (size before relaxing)
 .debug_str     0x00000000000092c6       0xb9 ./STM32F103_MCAL/RCC/RCC.o
                                       0x7fb8 (size before relaxing)
 .debug_str     0x000000000000937f      0x56c ./STM32F103_MCAL/SPI/SPI.o
                                       0x8854 (size before relaxing)
 .debug_str     0x00000000000098eb      0x2ed ./STM32F103_MCAL/UART/UART.o
                                       0x8626 (size before relaxing)
 .debug_str     0x0000000000009bd8      0x987 ./Src/main.o
                                       0x9716 (size before relaxing)
 .debug_str     0x000000000000a55f       0x31 ./Startup/startup_stm32f103c8tx.o
                                         0x62 (size before relaxing)

.comment        0x0000000000000000       0x50
 .comment       0x0000000000000000       0x50 ./HAL/LCD/LCD.o
                                         0x51 (size before relaxing)
 .comment       0x0000000000000050       0x51 ./STM32F103_MCAL/EXTI/EXTI.o
 .comment       0x0000000000000050       0x51 ./STM32F103_MCAL/GPIO/gpio.o
 .comment       0x0000000000000050       0x51 ./STM32F103_MCAL/RCC/RCC.o
 .comment       0x0000000000000050       0x51 ./STM32F103_MCAL/SPI/SPI.o
 .comment       0x0000000000000050       0x51 ./STM32F103_MCAL/UART/UART.o
 .comment       0x0000000000000050       0x51 ./Src/main.o

.debug_frame    0x0000000000000000      0x704
 .debug_frame   0x0000000000000000       0xec ./HAL/LCD/LCD.o
 .debug_frame   0x00000000000000ec      0x16c ./STM32F103_MCAL/EXTI/EXTI.o
 .debug_frame   0x0000000000000258      0x178 ./STM32F103_MCAL/GPIO/gpio.o
 .debug_frame   0x00000000000003d0       0x9c ./STM32F103_MCAL/RCC/RCC.o
 .debug_frame   0x000000000000046c       0xf8 ./STM32F103_MCAL/SPI/SPI.o
 .debug_frame   0x0000000000000564      0x124 ./STM32F103_MCAL/UART/UART.o
 .debug_frame   0x0000000000000688       0x50 ./Src/main.o
 .debug_frame   0x00000000000006d8       0x2c e:/apps/stm32cubeide_1.10.0/stm32cubeide/plugins/com.st.stm32cube.ide.mcu.externaltools.gnu-tools-for-stm32.10.3-2021.10.win32_1.0.0.202111181127/tools/bin/../lib/gcc/arm-none-eabi/10.3.1/../../../../arm-none-eabi/lib/thumb/v7-m/nofp\libc_nano.a(lib_a-init.o)
